../Core/Inc/SubSys_Sensor_IMU_STM32_Driver.h:27:6:bno055_assignI2C	1
../Core/Inc/SubSys_Sensor_IMU_STM32_Driver.h:31:6:bno055_delay	1
../Core/Inc/SubSys_Sensor_IMU_STM32_Driver.h:39:6:bno055_writeData	23
../Core/Inc/SubSys_Sensor_IMU_STM32_Driver.h:103:6:bno055_readData	1
../Core/Src/main.c:200:5:main	1
../Core/Src/main.c:410:6:SystemClock_Config	3
../Core/Src/main.c:457:13:MX_ADC1_Init	3
../Core/Src/main.c:509:13:MX_I2C1_Init	2
../Core/Src/main.c:543:13:MX_I2C2_Init	2
../Core/Src/main.c:577:13:MX_I2C3_Init	2
../Core/Src/main.c:611:13:MX_SDIO_SD_Init	1
../Core/Src/main.c:639:13:MX_TIM1_Init	5
../Core/Src/main.c:704:13:MX_TIM2_Init	4
../Core/Src/main.c:753:13:MX_TIM3_Init	4
../Core/Src/main.c:802:13:MX_USART1_UART_Init	2
../Core/Src/main.c:835:13:MX_USART2_UART_Init	2
../Core/Src/main.c:866:13:MX_DMA_Init	1
../Core/Src/main.c:884:13:MX_GPIO_Init	1
../Core/Src/main.c:934:6:Error_Handler	1
